main: Query.hs:(150,1)-(154,41): Non-exhaustive patterns in function eval

